#
# There is insufficient memory for the Java Runtime Environment to continue.
# Native memory allocation (malloc) failed to allocate 32744 bytes. Error detail: Chunk::new
# Possible reasons:
#   The system is out of physical RAM or swap space
#   This process is running with CompressedOops enabled, and the Java Heap may be blocking the growth of the native heap
# Possible solutions:
#   Reduce memory load on the system
#   Increase physical memory or swap space
#   Check if swap backing store is full
#   Decrease Java heap size (-Xmx/-Xms)
#   Decrease number of Java threads
#   Decrease Java thread stack sizes (-Xss)
#   Set larger code cache with -XX:ReservedCodeCacheSize=
#   JVM is running with Zero Based Compressed Oops mode in which the Java heap is
#     placed in the first 32GB address space. The Java Heap base address is the
#     maximum limit for the native heap growth. Please use -XX:HeapBaseMinAddress
#     to set the Java Heap base and to place the Java Heap above 32GB virtual address.
# This output file may be truncated or incomplete.
#
#  Out of Memory Error (arena.cpp:168), pid=14532, tid=23012
#
# JRE version: OpenJDK Runtime Environment (21.0.10) (build 21.0.10+-14961533-b1163.108)
# Java VM: OpenJDK 64-Bit Server VM (21.0.10+-14961533-b1163.108, mixed mode, tiered, compressed oops, compressed class ptrs, g1 gc, windows-amd64)
# No core dump will be written. Minidumps are not enabled by default on client versions of Windows
#

---------------  S U M M A R Y ------------

Command Line: git4idea.http.GitAskPassApp Username for 'https://github.com': 

Host: Intel(R) Core(TM) i7-8665U CPU @ 1.90GHz, 8 cores, 15G,  Windows 11 , 64 bit Build 26100 (10.0.26100.7623)
Time: Sat Jul 11 10:46:12 2026 E. Africa Standard Time elapsed time: 4.486586 seconds (0d 0h 0m 4s)

---------------  T H R E A D  ---------------

Current thread (0x0000028df76aedf0):  JavaThread "C1 CompilerThread0" daemon [_thread_in_native, id=23012, stack(0x000000b3b7800000,0x000000b3b7900000) (1024K)]


Current CompileTask:
C1:4486 1137       3       jdk.internal.org.objectweb.asm.ClassWriter::visit (160 bytes)

Stack: [0x000000b3b7800000,0x000000b3b7900000]
Native frames: (J=compiled Java code, j=interpreted, Vv=VM code, C=native code)
V  [jvm.dll+0x6d78a9]
V  [jvm.dll+0x8665b3]
V  [jvm.dll+0x868bde]
V  [jvm.dll+0x8692c3]
V  [jvm.dll+0x280ee6]
V  [jvm.dll+0xc07cd]
V  [jvm.dll+0xc0d03]
V  [jvm.dll+0x19473f]
V  [jvm.dll+0x195d06]
V  [jvm.dll+0x1992b2]
V  [jvm.dll+0x151843]
V  [jvm.dll+0x151156]
V  [jvm.dll+0x151371]
V  [jvm.dll+0x1506ff]
V  [jvm.dll+0x1524c1]
V  [jvm.dll+0x25891e]
V  [jvm.dll+0x256e66]
V  [jvm.dll+0x3f513e]
V  [jvm.dll+0x80fd28]
V  [jvm.dll+0x6d60fd]
C  [ucrtbase.dll+0x37b0]
C  [KERNEL32.DLL+0x2e8d7]
C  [ntdll.dll+0x8c53c]


---------------  P R O C E S S  ---------------

Threads class SMR info:
_java_thread_list=0x0000028df785e950, length=15, elements={
0x0000028ddd6598f0, 0x0000028df7653d10, 0x0000028df7662510, 0x0000028df7662f70,
0x0000028df76588b0, 0x0000028df76a8a90, 0x0000028df76a94f0, 0x0000028df76a9f50,
0x0000028df76abcf0, 0x0000028df76aedf0, 0x0000028df78459e0, 0x0000028dfc089f80,
0x0000028dfc3aa6c0, 0x0000028dfc3a24d0, 0x0000028dfc422c80
}

Java Threads: ( => current thread )
  0x0000028ddd6598f0 JavaThread "main"                              [_thread_blocked, id=23108, stack(0x000000b3b6800000,0x000000b3b6900000) (1024K)]
  0x0000028df7653d10 JavaThread "Common-Cleaner"             daemon [_thread_blocked, id=8332, stack(0x000000b3b7000000,0x000000b3b7100000) (1024K)]
  0x0000028df7662510 JavaThread "Reference Handler"          daemon [_thread_blocked, id=10256, stack(0x000000b3b7100000,0x000000b3b7200000) (1024K)]
  0x0000028df7662f70 JavaThread "Finalizer"                  daemon [_thread_blocked, id=24296, stack(0x000000b3b7200000,0x000000b3b7300000) (1024K)]
  0x0000028df76588b0 JavaThread "Signal Dispatcher"          daemon [_thread_blocked, id=24768, stack(0x000000b3b7300000,0x000000b3b7400000) (1024K)]
  0x0000028df76a8a90 JavaThread "Attach Listener"            daemon [_thread_blocked, id=21396, stack(0x000000b3b7400000,0x000000b3b7500000) (1024K)]
  0x0000028df76a94f0 JavaThread "Service Thread"             daemon [_thread_blocked, id=15740, stack(0x000000b3b7500000,0x000000b3b7600000) (1024K)]
  0x0000028df76a9f50 JavaThread "Monitor Deflation Thread"   daemon [_thread_blocked, id=6440, stack(0x000000b3b7600000,0x000000b3b7700000) (1024K)]
  0x0000028df76abcf0 JavaThread "C2 CompilerThread0"         daemon [_thread_in_native, id=10216, stack(0x000000b3b7700000,0x000000b3b7800000) (1024K)]
=>0x0000028df76aedf0 JavaThread "C1 CompilerThread0"         daemon [_thread_in_native, id=23012, stack(0x000000b3b7800000,0x000000b3b7900000) (1024K)]
  0x0000028df78459e0 JavaThread "Notification Thread"        daemon [_thread_blocked, id=19968, stack(0x000000b3b7900000,0x000000b3b7a00000) (1024K)]
  0x0000028dfc089f80 JavaThread "HttpClient-1-SelectorManager" daemon [_thread_in_native, id=8952, stack(0x000000b3b7a00000,0x000000b3b7b00000) (1024K)]
  0x0000028dfc3aa6c0 JavaThread "HttpClient-1-Worker-0"      daemon [_thread_in_vm, id=27568, stack(0x000000b3b7c00000,0x000000b3b7d00000) (1024K)]
  0x0000028dfc3a24d0 JavaThread "HttpClient-1-Worker-1"      daemon [_thread_blocked, id=1704, stack(0x000000b3b7d00000,0x000000b3b7e00000) (1024K)]
  0x0000028dfc422c80 JavaThread "C2 CompilerThread1"         daemon [_thread_blocked, id=6452, stack(0x000000b3b7e00000,0x000000b3b7f00000) (1024K)]
Total: 15

Other Threads:
  0x0000028df748ca80 VMThread "VM Thread"                           [id=22732, stack(0x000000b3b6f00000,0x000000b3b7000000) (1024K)]
  0x0000028df7447c30 WatcherThread "VM Periodic Task Thread"        [id=8908, stack(0x000000b3b6e00000,0x000000b3b6f00000) (1024K)]
  0x0000028ddd6bfef0 WorkerThread "GC Thread#0"                     [id=12648, stack(0x000000b3b6900000,0x000000b3b6a00000) (1024K)]
  0x0000028ddd6d0b00 ConcurrentGCThread "G1 Main Marker"            [id=13848, stack(0x000000b3b6a00000,0x000000b3b6b00000) (1024K)]
  0x0000028ddd6d2360 WorkerThread "G1 Conc#0"                       [id=16900, stack(0x000000b3b6b00000,0x000000b3b6c00000) (1024K)]
  0x0000028df73191c0 ConcurrentGCThread "G1 Refine#0"               [id=24920, stack(0x000000b3b6c00000,0x000000b3b6d00000) (1024K)]
  0x0000028df73199f0 ConcurrentGCThread "G1 Service"                [id=14356, stack(0x000000b3b6d00000,0x000000b3b6e00000) (1024K)]
Total: 7

Threads with active compile tasks:
C2 CompilerThread0  4663 1071       4       sun.security.ec.ECOperations::setDouble (463 bytes)
C1 CompilerThread0  4664 1137       3       jdk.internal.org.objectweb.asm.ClassWriter::visit (160 bytes)
Total: 2

VM state: not at safepoint (normal execution)

VM Mutex/Monitor currently owned by a thread:  ([mutex/lock_event])
[0x00007ffbeacf64d0] Metaspace_lock - owner thread: 0x0000028dfc3aa6c0

Heap address: 0x0000000702e00000, size: 4050 MB, Compressed Oops mode: Zero based, Oop shift amount: 3

CDS archive(s) not mapped
Compressed class space mapped at: 0x0000000800000000-0x0000000840000000, reserved size: 1073741824
Narrow klass base: 0x0000000800000000, Narrow klass shift: 0, Narrow klass range: 0x40000000

GC Precious Log:
 CardTable entry size: 512
 Card Set container configuration: InlinePtr #cards 4 size 8 Array Of Cards #cards 16 size 48 Howl #buckets 8 coarsen threshold 3686 Howl Bitmap #cards 512 size 80 coarsen threshold 460 Card regions per heap region 1 cards per card region 4096
 CPUs: 8 total, 8 available
 Memory: 16198M
 Large Page Support: Disabled
 NUMA Support: Disabled
 Compressed Oops: Enabled (Zero based)
 Heap Region Size: 2M
 Heap Min Capacity: 8M
 Heap Initial Capacity: 254M
 Heap Max Capacity: 4050M
 Pre-touch: Disabled
 Parallel Workers: 8
 Concurrent Workers: 2
 Concurrent Refinement Workers: 8
 Periodic GC: Disabled

Heap:
 garbage-first heap   total 260096K, used 14336K [0x0000000702e00000, 0x0000000800000000)
  region size 2048K, 8 young (16384K), 0 survivors (0K)
 Metaspace       used 17076K, committed 17344K, reserved 1114112K
  class space    used 1879K, committed 2048K, reserved 1048576K

Heap Regions: E=young(eden), S=young(survivor), O=old, HS=humongous(starts), HC=humongous(continues), CS=collection set, F=free, TAMS=top-at-mark-start, PB=parsable bottom
|   0|0x0000000702e00000, 0x0000000702e00000, 0x0000000703000000|  0%| F|  |TAMS 0x0000000702e00000| PB 0x0000000702e00000| Untracked 
|   1|0x0000000703000000, 0x0000000703000000, 0x0000000703200000|  0%| F|  |TAMS 0x0000000703000000| PB 0x0000000703000000| Untracked 
|   2|0x0000000703200000, 0x0000000703200000, 0x0000000703400000|  0%| F|  |TAMS 0x0000000703200000| PB 0x0000000703200000| Untracked 
|   3|0x0000000703400000, 0x0000000703400000, 0x0000000703600000|  0%| F|  |TAMS 0x0000000703400000| PB 0x0000000703400000| Untracked 
|   4|0x0000000703600000, 0x0000000703600000, 0x0000000703800000|  0%| F|  |TAMS 0x0000000703600000| PB 0x0000000703600000| Untracked 
|   5|0x0000000703800000, 0x0000000703800000, 0x0000000703a00000|  0%| F|  |TAMS 0x0000000703800000| PB 0x0000000703800000| Untracked 
|   6|0x0000000703a00000, 0x0000000703a00000, 0x0000000703c00000|  0%| F|  |TAMS 0x0000000703a00000| PB 0x0000000703a00000| Untracked 
|   7|0x0000000703c00000, 0x0000000703c00000, 0x0000000703e00000|  0%| F|  |TAMS 0x0000000703c00000| PB 0x0000000703c00000| Untracked 
|   8|0x0000000703e00000, 0x0000000703e00000, 0x0000000704000000|  0%| F|  |TAMS 0x0000000703e00000| PB 0x0000000703e00000| Untracked 
|   9|0x0000000704000000, 0x0000000704000000, 0x0000000704200000|  0%| F|  |TAMS 0x0000000704000000| PB 0x0000000704000000| Untracked 
|  10|0x0000000704200000, 0x0000000704200000, 0x0000000704400000|  0%| F|  |TAMS 0x0000000704200000| PB 0x0000000704200000| Untracked 
|  11|0x0000000704400000, 0x0000000704400000, 0x0000000704600000|  0%| F|  |TAMS 0x0000000704400000| PB 0x0000000704400000| Untracked 
|  12|0x0000000704600000, 0x0000000704600000, 0x0000000704800000|  0%| F|  |TAMS 0x0000000704600000| PB 0x0000000704600000| Untracked 
|  13|0x0000000704800000, 0x0000000704800000, 0x0000000704a00000|  0%| F|  |TAMS 0x0000000704800000| PB 0x0000000704800000| Untracked 
|  14|0x0000000704a00000, 0x0000000704a00000, 0x0000000704c00000|  0%| F|  |TAMS 0x0000000704a00000| PB 0x0000000704a00000| Untracked 
|  15|0x0000000704c00000, 0x0000000704c00000, 0x0000000704e00000|  0%| F|  |TAMS 0x0000000704c00000| PB 0x0000000704c00000| Untracked 
|  16|0x0000000704e00000, 0x0000000704e00000, 0x0000000705000000|  0%| F|  |TAMS 0x0000000704e00000| PB 0x0000000704e00000| Untracked 
|  17|0x0000000705000000, 0x0000000705000000, 0x0000000705200000|  0%| F|  |TAMS 0x0000000705000000| PB 0x0000000705000000| Untracked 
|  18|0x0000000705200000, 0x0000000705200000, 0x0000000705400000|  0%| F|  |TAMS 0x0000000705200000| PB 0x0000000705200000| Untracked 
|  19|0x0000000705400000, 0x0000000705400000, 0x0000000705600000|  0%| F|  |TAMS 0x0000000705400000| PB 0x0000000705400000| Untracked 
|  20|0x0000000705600000, 0x0000000705600000, 0x0000000705800000|  0%| F|  |TAMS 0x0000000705600000| PB 0x0000000705600000| Untracked 
|  21|0x0000000705800000, 0x0000000705800000, 0x0000000705a00000|  0%| F|  |TAMS 0x0000000705800000| PB 0x0000000705800000| Untracked 
|  22|0x0000000705a00000, 0x0000000705a00000, 0x0000000705c00000|  0%| F|  |TAMS 0x0000000705a00000| PB 0x0000000705a00000| Untracked 
|  23|0x0000000705c00000, 0x0000000705c00000, 0x0000000705e00000|  0%| F|  |TAMS 0x0000000705c00000| PB 0x0000000705c00000| Untracked 
|  24|0x0000000705e00000, 0x0000000705e00000, 0x0000000706000000|  0%| F|  |TAMS 0x0000000705e00000| PB 0x0000000705e00000| Untracked 
|  25|0x0000000706000000, 0x0000000706000000, 0x0000000706200000|  0%| F|  |TAMS 0x0000000706000000| PB 0x0000000706000000| Untracked 
|  26|0x0000000706200000, 0x0000000706200000, 0x0000000706400000|  0%| F|  |TAMS 0x0000000706200000| PB 0x0000000706200000| Untracked 
|  27|0x0000000706400000, 0x0000000706400000, 0x0000000706600000|  0%| F|  |TAMS 0x0000000706400000| PB 0x0000000706400000| Untracked 
|  28|0x0000000706600000, 0x0000000706600000, 0x0000000706800000|  0%| F|  |TAMS 0x0000000706600000| PB 0x0000000706600000| Untracked 
|  29|0x0000000706800000, 0x0000000706800000, 0x0000000706a00000|  0%| F|  |TAMS 0x0000000706800000| PB 0x0000000706800000| Untracked 
|  30|0x0000000706a00000, 0x0000000706a00000, 0x0000000706c00000|  0%| F|  |TAMS 0x0000000706a00000| PB 0x0000000706a00000| Untracked 
|  31|0x0000000706c00000, 0x0000000706c00000, 0x0000000706e00000|  0%| F|  |TAMS 0x0000000706c00000| PB 0x0000000706c00000| Untracked 
|  32|0x0000000706e00000, 0x0000000706e00000, 0x0000000707000000|  0%| F|  |TAMS 0x0000000706e00000| PB 0x0000000706e00000| Untracked 
|  33|0x0000000707000000, 0x0000000707000000, 0x0000000707200000|  0%| F|  |TAMS 0x0000000707000000| PB 0x0000000707000000| Untracked 
|  34|0x0000000707200000, 0x0000000707200000, 0x0000000707400000|  0%| F|  |TAMS 0x0000000707200000| PB 0x0000000707200000| Untracked 
|  35|0x0000000707400000, 0x0000000707400000, 0x0000000707600000|  0%| F|  |TAMS 0x0000000707400000| PB 0x0000000707400000| Untracked 
|  36|0x0000000707600000, 0x0000000707600000, 0x0000000707800000|  0%| F|  |TAMS 0x0000000707600000| PB 0x0000000707600000| Untracked 
|  37|0x0000000707800000, 0x0000000707800000, 0x0000000707a00000|  0%| F|  |TAMS 0x0000000707800000| PB 0x0000000707800000| Untracked 
|  38|0x0000000707a00000, 0x0000000707a00000, 0x0000000707c00000|  0%| F|  |TAMS 0x0000000707a00000| PB 0x0000000707a00000| Untracked 
|  39|0x0000000707c00000, 0x0000000707c00000, 0x0000000707e00000|  0%| F|  |TAMS 0x0000000707c00000| PB 0x0000000707c00000| Untracked 
|  40|0x0000000707e00000, 0x0000000707e00000, 0x0000000708000000|  0%| F|  |TAMS 0x0000000707e00000| PB 0x0000000707e00000| Untracked 
|  41|0x0000000708000000, 0x0000000708000000, 0x0000000708200000|  0%| F|  |TAMS 0x0000000708000000| PB 0x0000000708000000| Untracked 
|  42|0x0000000708200000, 0x0000000708200000, 0x0000000708400000|  0%| F|  |TAMS 0x0000000708200000| PB 0x0000000708200000| Untracked 
|  43|0x0000000708400000, 0x0000000708400000, 0x0000000708600000|  0%| F|  |TAMS 0x0000000708400000| PB 0x0000000708400000| Untracked 
|  44|0x0000000708600000, 0x0000000708600000, 0x0000000708800000|  0%| F|  |TAMS 0x0000000708600000| PB 0x0000000708600000| Untracked 
|  45|0x0000000708800000, 0x0000000708800000, 0x0000000708a00000|  0%| F|  |TAMS 0x0000000708800000| PB 0x0000000708800000| Untracked 
|  46|0x0000000708a00000, 0x0000000708a00000, 0x0000000708c00000|  0%| F|  |TAMS 0x0000000708a00000| PB 0x0000000708a00000| Untracked 
|  47|0x0000000708c00000, 0x0000000708c00000, 0x0000000708e00000|  0%| F|  |TAMS 0x0000000708c00000| PB 0x0000000708c00000| Untracked 
|  48|0x0000000708e00000, 0x0000000708e00000, 0x0000000709000000|  0%| F|  |TAMS 0x0000000708e00000| PB 0x0000000708e00000| Untracked 
|  49|0x0000000709000000, 0x0000000709000000, 0x0000000709200000|  0%| F|  |TAMS 0x0000000709000000| PB 0x0000000709000000| Untracked 
|  50|0x0000000709200000, 0x0000000709200000, 0x0000000709400000|  0%| F|  |TAMS 0x0000000709200000| PB 0x0000000709200000| Untracked 
|  51|0x0000000709400000, 0x0000000709400000, 0x0000000709600000|  0%| F|  |TAMS 0x0000000709400000| PB 0x0000000709400000| Untracked 
|  52|0x0000000709600000, 0x0000000709600000, 0x0000000709800000|  0%| F|  |TAMS 0x0000000709600000| PB 0x0000000709600000| Untracked 
|  53|0x0000000709800000, 0x0000000709800000, 0x0000000709a00000|  0%| F|  |TAMS 0x0000000709800000| PB 0x0000000709800000| Untracked 
|  54|0x0000000709a00000, 0x0000000709a00000, 0x0000000709c00000|  0%| F|  |TAMS 0x0000000709a00000| PB 0x0000000709a00000| Untracked 
|  55|0x0000000709c00000, 0x0000000709c00000, 0x0000000709e00000|  0%| F|  |TAMS 0x0000000709c00000| PB 0x0000000709c00000| Untracked 
|  56|0x0000000709e00000, 0x0000000709e00000, 0x000000070a000000|  0%| F|  |TAMS 0x0000000709e00000| PB 0x0000000709e00000| Untracked 
|  57|0x000000070a000000, 0x000000070a000000, 0x000000070a200000|  0%| F|  |TAMS 0x000000070a000000| PB 0x000000070a000000| Untracked 
|  58|0x000000070a200000, 0x000000070a200000, 0x000000070a400000|  0%| F|  |TAMS 0x000000070a200000| PB 0x000000070a200000| Untracked 
|  59|0x000000070a400000, 0x000000070a400000, 0x000000070a600000|  0%| F|  |TAMS 0x000000070a400000| PB 0x000000070a400000| Untracked 
|  60|0x000000070a600000, 0x000000070a600000, 0x000000070a800000|  0%| F|  |TAMS 0x000000070a600000| PB 0x000000070a600000| Untracked 
|  61|0x000000070a800000, 0x000000070a800000, 0x000000070aa00000|  0%| F|  |TAMS 0x000000070a800000| PB 0x000000070a800000| Untracked 
|  62|0x000000070aa00000, 0x000000070aa00000, 0x000000070ac00000|  0%| F|  |TAMS 0x000000070aa00000| PB 0x000000070aa00000| Untracked 
|  63|0x000000070ac00000, 0x000000070ac00000, 0x000000070ae00000|  0%| F|  |TAMS 0x000000070ac00000| PB 0x000000070ac00000| Untracked 
|  64|0x000000070ae00000, 0x000000070ae00000, 0x000000070b000000|  0%| F|  |TAMS 0x000000070ae00000| PB 0x000000070ae00000| Untracked 
|  65|0x000000070b000000, 0x000000070b000000, 0x000000070b200000|  0%| F|  |TAMS 0x000000070b000000| PB 0x000000070b000000| Untracked 
|  66|0x000000070b200000, 0x000000070b200000, 0x000000070b400000|  0%| F|  |TAMS 0x000000070b200000| PB 0x000000070b200000| Untracked 
|  67|0x000000070b400000, 0x000000070b400000, 0x000000070b600000|  0%| F|  |TAMS 0x000000070b400000| PB 0x000000070b400000| Untracked 
|  68|0x000000070b600000, 0x000000070b600000, 0x000000070b800000|  0%| F|  |TAMS 0x000000070b600000| PB 0x000000070b600000| Untracked 
|  69|0x000000070b800000, 0x000000070b800000, 0x000000070ba00000|  0%| F|  |TAMS 0x000000070b800000| PB 0x000000070b800000| Untracked 
|  70|0x000000070ba00000, 0x000000070ba00000, 0x000000070bc00000|  0%| F|  |TAMS 0x000000070ba00000| PB 0x000000070ba00000| Untracked 
|  71|0x000000070bc00000, 0x000000070bc00000, 0x000000070be00000|  0%| F|  |TAMS 0x000000070bc00000| PB 0x000000070bc00000| Untracked 
|  72|0x000000070be00000, 0x000000070be00000, 0x000000070c000000|  0%| F|  |TAMS 0x000000070be00000| PB 0x000000070be00000| Untracked 
|  73|0x000000070c000000, 0x000000070c000000, 0x000000070c200000|  0%| F|  |TAMS 0x000000070c000000| PB 0x000000070c000000| Untracked 
|  74|0x000000070c200000, 0x000000070c200000, 0x000000070c400000|  0%| F|  |TAMS 0x000000070c200000| PB 0x000000070c200000| Untracked 
|  75|0x000000070c400000, 0x000000070c400000, 0x000000070c600000|  0%| F|  |TAMS 0x000000070c400000| PB 0x000000070c400000| Untracked 
|  76|0x000000070c600000, 0x000000070c600000, 0x000000070c800000|  0%| F|  |TAMS 0x000000070c600000| PB 0x000000070c600000| Untracked 
|  77|0x000000070c800000, 0x000000070c800000, 0x000000070ca00000|  0%| F|  |TAMS 0x000000070c800000| PB 0x000000070c800000| Untracked 
|  78|0x000000070ca00000, 0x000000070ca00000, 0x000000070cc00000|  0%| F|  |TAMS 0x000000070ca00000| PB 0x000000070ca00000| Untracked 
|  79|0x000000070cc00000, 0x000000070cc00000, 0x000000070ce00000|  0%| F|  |TAMS 0x000000070cc00000| PB 0x000000070cc00000| Untracked 
|  80|0x000000070ce00000, 0x000000070ce00000, 0x000000070d000000|  0%| F|  |TAMS 0x000000070ce00000| PB 0x000000070ce00000| Untracked 
|  81|0x000000070d000000, 0x000000070d000000, 0x000000070d200000|  0%| F|  |TAMS 0x000000070d000000| PB 0x000000070d000000| Untracked 
|  82|0x000000070d200000, 0x000000070d200000, 0x000000070d400000|  0%| F|  |TAMS 0x000000070d200000| PB 0x000000070d200000| Untracked 
|  83|0x000000070d400000, 0x000000070d400000, 0x000000070d600000|  0%| F|  |TAMS 0x000000070d400000| PB 0x000000070d400000| Untracked 
|  84|0x000000070d600000, 0x000000070d600000, 0x000000070d800000|  0%| F|  |TAMS 0x000000070d600000| PB 0x000000070d600000| Untracked 
|  85|0x000000070d800000, 0x000000070d800000, 0x000000070da00000|  0%| F|  |TAMS 0x000000070d800000| PB 0x000000070d800000| Untracked 
|  86|0x000000070da00000, 0x000000070da00000, 0x000000070dc00000|  0%| F|  |TAMS 0x000000070da00000| PB 0x000000070da00000| Untracked 
|  87|0x000000070dc00000, 0x000000070dc00000, 0x000000070de00000|  0%| F|  |TAMS 0x000000070dc00000| PB 0x000000070dc00000| Untracked 
|  88|0x000000070de00000, 0x000000070de00000, 0x000000070e000000|  0%| F|  |TAMS 0x000000070de00000| PB 0x000000070de00000| Untracked 
|  89|0x000000070e000000, 0x000000070e000000, 0x000000070e200000|  0%| F|  |TAMS 0x000000070e000000| PB 0x000000070e000000| Untracked 
|  90|0x000000070e200000, 0x000000070e200000, 0x000000070e400000|  0%| F|  |TAMS 0x000000070e200000| PB 0x000000070e200000| Untracked 
|  91|0x000000070e400000, 0x000000070e400000, 0x000000070e600000|  0%| F|  |TAMS 0x000000070e400000| PB 0x000000070e400000| Untracked 
|  92|0x000000070e600000, 0x000000070e600000, 0x000000070e800000|  0%| F|  |TAMS 0x000000070e600000| PB 0x000000070e600000| Untracked 
|  93|0x000000070e800000, 0x000000070e800000, 0x000000070ea00000|  0%| F|  |TAMS 0x000000070e800000| PB 0x000000070e800000| Untracked 
|  94|0x000000070ea00000, 0x000000070ea00000, 0x000000070ec00000|  0%| F|  |TAMS 0x000000070ea00000| PB 0x000000070ea00000| Untracked 
|  95|0x000000070ec00000, 0x000000070ec00000, 0x000000070ee00000|  0%| F|  |TAMS 0x000000070ec00000| PB 0x000000070ec00000| Untracked 
|  96|0x000000070ee00000, 0x000000070ee00000, 0x000000070f000000|  0%| F|  |TAMS 0x000000070ee00000| PB 0x000000070ee00000| Untracked 
|  97|0x000000070f000000, 0x000000070f000000, 0x000000070f200000|  0%| F|  |TAMS 0x000000070f000000| PB 0x000000070f000000| Untracked 
|  98|0x000000070f200000, 0x000000070f200000, 0x000000070f400000|  0%| F|  |TAMS 0x000000070f200000| PB 0x000000070f200000| Untracked 
|  99|0x000000070f400000, 0x000000070f400000, 0x000000070f600000|  0%| F|  |TAMS 0x000000070f400000| PB 0x000000070f400000| Untracked 
| 100|0x000000070f600000, 0x000000070f600000, 0x000000070f800000|  0%| F|  |TAMS 0x000000070f600000| PB 0x000000070f600000| Untracked 
| 101|0x000000070f800000, 0x000000070f800000, 0x000000070fa00000|  0%| F|  |TAMS 0x000000070f800000| PB 0x000000070f800000| Untracked 
| 102|0x000000070fa00000, 0x000000070fa00000, 0x000000070fc00000|  0%| F|  |TAMS 0x000000070fa00000| PB 0x000000070fa00000| Untracked 
| 103|0x000000070fc00000, 0x000000070fc00000, 0x000000070fe00000|  0%| F|  |TAMS 0x000000070fc00000| PB 0x000000070fc00000| Untracked 
| 104|0x000000070fe00000, 0x000000070fe00000, 0x0000000710000000|  0%| F|  |TAMS 0x000000070fe00000| PB 0x000000070fe00000| Untracked 
| 105|0x0000000710000000, 0x0000000710000000, 0x0000000710200000|  0%| F|  |TAMS 0x0000000710000000| PB 0x0000000710000000| Untracked 
| 106|0x0000000710200000, 0x0000000710200000, 0x0000000710400000|  0%| F|  |TAMS 0x0000000710200000| PB 0x0000000710200000| Untracked 
| 107|0x0000000710400000, 0x0000000710400000, 0x0000000710600000|  0%| F|  |TAMS 0x0000000710400000| PB 0x0000000710400000| Untracked 
| 108|0x0000000710600000, 0x0000000710600000, 0x0000000710800000|  0%| F|  |TAMS 0x0000000710600000| PB 0x0000000710600000| Untracked 
| 109|0x0000000710800000, 0x0000000710800000, 0x0000000710a00000|  0%| F|  |TAMS 0x0000000710800000| PB 0x0000000710800000| Untracked 
| 110|0x0000000710a00000, 0x0000000710a00000, 0x0000000710c00000|  0%| F|  |TAMS 0x0000000710a00000| PB 0x0000000710a00000| Untracked 
| 111|0x0000000710c00000, 0x0000000710c00000, 0x0000000710e00000|  0%| F|  |TAMS 0x0000000710c00000| PB 0x0000000710c00000| Untracked 
| 112|0x0000000710e00000, 0x0000000710e00000, 0x0000000711000000|  0%| F|  |TAMS 0x0000000710e00000| PB 0x0000000710e00000| Untracked 
| 113|0x0000000711000000, 0x0000000711000000, 0x0000000711200000|  0%| F|  |TAMS 0x0000000711000000| PB 0x0000000711000000| Untracked 
| 114|0x0000000711200000, 0x0000000711200000, 0x0000000711400000|  0%| F|  |TAMS 0x0000000711200000| PB 0x0000000711200000| Untracked 
| 115|0x0000000711400000, 0x0000000711400000, 0x0000000711600000|  0%| F|  |TAMS 0x0000000711400000| PB 0x0000000711400000| Untracked 
| 116|0x0000000711600000, 0x0000000711600000, 0x0000000711800000|  0%| F|  |TAMS 0x0000000711600000| PB 0x0000000711600000| Untracked 
| 117|0x0000000711800000, 0x0000000711800000, 0x0000000711a00000|  0%| F|  |TAMS 0x0000000711800000| PB 0x0000000711800000| Untracked 
| 118|0x0000000711a00000, 0x0000000711a00000, 0x0000000711c00000|  0%| F|  |TAMS 0x0000000711a00000| PB 0x0000000711a00000| Untracked 
| 119|0x0000000711c00000, 0x0000000711ce14c0, 0x0000000711e00000| 44%| E|  |TAMS 0x0000000711c00000| PB 0x0000000711c00000| Complete 
| 120|0x0000000711e00000, 0x0000000712000000, 0x0000000712000000|100%| E|CS|TAMS 0x0000000711e00000| PB 0x0000000711e00000| Complete 
| 121|0x0000000712000000, 0x0000000712200000, 0x0000000712200000|100%| E|CS|TAMS 0x0000000712000000| PB 0x0000000712000000| Complete 
| 122|0x0000000712200000, 0x0000000712400000, 0x0000000712400000|100%| E|CS|TAMS 0x0000000712200000| PB 0x0000000712200000| Complete 
| 123|0x0000000712400000, 0x0000000712600000, 0x0000000712600000|100%| E|CS|TAMS 0x0000000712400000| PB 0x0000000712400000| Complete 
| 124|0x0000000712600000, 0x0000000712800000, 0x0000000712800000|100%| E|CS|TAMS 0x0000000712600000| PB 0x0000000712600000| Complete 
| 125|0x0000000712800000, 0x0000000712a00000, 0x0000000712a00000|100%| E|CS|TAMS 0x0000000712800000| PB 0x0000000712800000| Complete 
| 126|0x0000000712a00000, 0x0000000712c00000, 0x0000000712c00000|100%| E|CS|TAMS 0x0000000712a00000| PB 0x0000000712a00000| Complete 

Card table byte_map: [0x0000028df02f0000,0x0000028df0ae0000] _byte_map_base: 0x0000028decad9000

Marking Bits: (CMBitMap*) 0x0000028ddd6c0510
 Bits: [0x0000028df0ae0000, 0x0000028df4a28000)

Polling page: 0x0000028ddb4b0000

Metaspace:

Usage:
  Non-class:     14.84 MB used.
      Class:      1.84 MB used.
       Both:     16.68 MB used.

Virtual space:
  Non-class space:       64.00 MB reserved,      14.94 MB ( 23%) committed,  1 nodes.
      Class space:        1.00 GB reserved,       2.00 MB ( <1%) committed,  1 nodes.
             Both:        1.06 GB reserved,      16.94 MB (  2%) committed. 

Chunk freelists:
   Non-Class:  752.00 KB
       Class:  14.06 MB
        Both:  14.79 MB

MaxMetaspaceSize: unlimited
CompressedClassSpaceSize: 1.00 GB
Initial GC threshold: 21.00 MB
Current GC threshold: 21.00 MB
CDS: off
 - commit_granule_bytes: 65536.
 - commit_granule_words: 8192.
 - virtual_space_node_default_size: 8388608.
 - enlarge_chunks_in_place: 1.
 - use_allocation_guard: 0.


Internal statistics:

num_allocs_failed_limit: 0.
num_arena_births: 194.
num_arena_deaths: 0.
num_vsnodes_births: 2.
num_vsnodes_deaths: 0.
num_space_committed: 271.
num_space_uncommitted: 0.
num_chunks_returned_to_freelist: 0.
num_chunks_taken_from_freelist: 392.
num_chunk_merges: 0.
num_chunk_splits: 205.
num_chunks_enlarged: 83.
num_inconsistent_stats: 0.

CodeHeap 'non-profiled nmethods': size=120000Kb used=399Kb max_used=399Kb free=119600Kb
 bounds [0x0000028de8290000, 0x0000028de8500000, 0x0000028def7c0000]
CodeHeap 'profiled nmethods': size=120000Kb used=1792Kb max_used=1792Kb free=118207Kb
 bounds [0x0000028de07c0000, 0x0000028de0a30000, 0x0000028de7cf0000]
CodeHeap 'non-nmethods': size=5760Kb used=1337Kb max_used=1356Kb free=4422Kb
 bounds [0x0000028de7cf0000, 0x0000028de7f60000, 0x0000028de8290000]
CodeCache: size=245760Kb, used=3528Kb, max_used=3547Kb, free=242229Kb
 total_blobs=1654, nmethods=1139, adapters=420, full_count=0
Compilation: enabled, stopped_count=0, restarted_count=0

Compilation events (20 events):
Event: 4.447 Thread 0x0000028dfc422c80 1102       4       sun.security.util.math.intpoly.IntegerPolynomial$MutableElement::setProduct (6 bytes)
Event: 4.448 Thread 0x0000028df76aedf0 1126       3       java.lang.invoke.MemberName::<init> (139 bytes)
Event: 4.453 Thread 0x0000028df76aedf0 nmethod 1126 0x0000028de097b610 code [0x0000028de097b940, 0x0000028de097cac0]
Event: 4.453 Thread 0x0000028df76aedf0 1127       3       java.lang.invoke.InnerClassLambdaMetafactory::getLoadOpcode (26 bytes)
Event: 4.454 Thread 0x0000028df76aedf0 nmethod 1127 0x0000028de097d010 code [0x0000028de097d1e0, 0x0000028de097d420]
Event: 4.454 Thread 0x0000028df76aedf0 1128       3       java.lang.invoke.InnerClassLambdaMetafactory::getParameterSize (27 bytes)
Event: 4.455 Thread 0x0000028df76aedf0 nmethod 1128 0x0000028de097d510 code [0x0000028de097d6c0, 0x0000028de097d8b8]
Event: 4.455 Thread 0x0000028df76aedf0 1129       3       jdk.internal.misc.Unsafe::checkOffset (32 bytes)
Event: 4.456 Thread 0x0000028df76aedf0 nmethod 1129 0x0000028de097d990 code [0x0000028de097db40, 0x0000028de097ddb0]
Event: 4.460 Thread 0x0000028df76aedf0 1130       3       java.nio.ByteBuffer::wrap (8 bytes)
Event: 4.461 Thread 0x0000028df76aedf0 nmethod 1130 0x0000028de097de90 code [0x0000028de097e040, 0x0000028de097e168]
Event: 4.466 Thread 0x0000028df76aedf0 1132       3       java.lang.invoke.MemberName::hashCode (43 bytes)
Event: 4.468 Thread 0x0000028df76aedf0 nmethod 1132 0x0000028de097e210 code [0x0000028de097e460, 0x0000028de097f0d0]
Event: 4.468 Thread 0x0000028df76aedf0 1133       3       java.util.Objects::hash (5 bytes)
Event: 4.468 Thread 0x0000028df76aedf0 nmethod 1133 0x0000028de097f410 code [0x0000028de097f5c0, 0x0000028de097f6d8]
Event: 4.472 Thread 0x0000028df76aedf0 1134       3       java.nio.ByteBuffer::arrayOffset (35 bytes)
Event: 4.472 Thread 0x0000028df76aedf0 nmethod 1134 0x0000028de097f790 code [0x0000028de097f960, 0x0000028de097fc30]
Event: 4.474 Thread 0x0000028df76aedf0 1135       3       jdk.internal.org.objectweb.asm.ClassWriter::<init> (7 bytes)
Event: 4.475 Thread 0x0000028df76aedf0 nmethod 1135 0x0000028de097fd90 code [0x0000028de097ff40, 0x0000028de0980088]
Event: 4.475 Thread 0x0000028df76aedf0 1137       3       jdk.internal.org.objectweb.asm.ClassWriter::visit (160 bytes)

GC Heap History (0 events):
No events

Dll operation events (2 events):
Event: 0.058 Loaded shared library A:\Android Studio\jbr\bin\java.dll
Event: 0.103 Loaded shared library A:\Android Studio\jbr\bin\zip.dll

Deoptimization events (20 events):
Event: 4.225 Thread 0x0000028dfc3aa6c0 Uncommon trap: trap_request=0xffffff66 fr.pc=0x0000028de82e94fc relative=0x000000000000031c
Event: 4.225 Thread 0x0000028dfc3aa6c0 Uncommon trap: reason=speculate_class_check action=maybe_recompile pc=0x0000028de82e94fc method=sun.security.util.math.intpoly.IntegerPolynomial.multByInt([JJ)V @ 26 c2
Event: 4.225 Thread 0x0000028dfc3aa6c0 DEOPT PACKING pc=0x0000028de82e94fc sp=0x000000b3b7cfe160
Event: 4.225 Thread 0x0000028dfc3aa6c0 DEOPT UNPACKING pc=0x0000028de7d44422 sp=0x000000b3b7cfe0b0 mode 2
Event: 4.225 Thread 0x0000028dfc3aa6c0 Uncommon trap: trap_request=0xffffffde fr.pc=0x0000028de82e4330 relative=0x0000000000000270
Event: 4.225 Thread 0x0000028dfc3aa6c0 Uncommon trap: reason=class_check action=maybe_recompile pc=0x0000028de82e4330 method=sun.security.util.math.intpoly.IntegerPolynomial.multByInt([JJ)V @ 26 c2
Event: 4.225 Thread 0x0000028dfc3aa6c0 DEOPT PACKING pc=0x0000028de82e4330 sp=0x000000b3b7cfe0e0
Event: 4.225 Thread 0x0000028dfc3aa6c0 DEOPT UNPACKING pc=0x0000028de7d44422 sp=0x000000b3b7cfe0b0 mode 2
Event: 4.225 Thread 0x0000028dfc3aa6c0 Uncommon trap: trap_request=0xffffffde fr.pc=0x0000028de82e4330 relative=0x0000000000000270
Event: 4.225 Thread 0x0000028dfc3aa6c0 Uncommon trap: reason=class_check action=maybe_recompile pc=0x0000028de82e4330 method=sun.security.util.math.intpoly.IntegerPolynomial.multByInt([JJ)V @ 26 c2
Event: 4.225 Thread 0x0000028dfc3aa6c0 DEOPT PACKING pc=0x0000028de82e4330 sp=0x000000b3b7cfe0e0
Event: 4.225 Thread 0x0000028dfc3aa6c0 DEOPT UNPACKING pc=0x0000028de7d44422 sp=0x000000b3b7cfe0b0 mode 2
Event: 4.225 Thread 0x0000028dfc3aa6c0 Uncommon trap: trap_request=0xffffffde fr.pc=0x0000028de82e4330 relative=0x0000000000000270
Event: 4.225 Thread 0x0000028dfc3aa6c0 Uncommon trap: reason=class_check action=maybe_recompile pc=0x0000028de82e4330 method=sun.security.util.math.intpoly.IntegerPolynomial.multByInt([JJ)V @ 26 c2
Event: 4.225 Thread 0x0000028dfc3aa6c0 DEOPT PACKING pc=0x0000028de82e4330 sp=0x000000b3b7cfe0e0
Event: 4.226 Thread 0x0000028dfc3aa6c0 DEOPT UNPACKING pc=0x0000028de7d44422 sp=0x000000b3b7cfe0b0 mode 2
Event: 4.226 Thread 0x0000028dfc3aa6c0 Uncommon trap: trap_request=0xffffffde fr.pc=0x0000028de82e4330 relative=0x0000000000000270
Event: 4.226 Thread 0x0000028dfc3aa6c0 Uncommon trap: reason=class_check action=maybe_recompile pc=0x0000028de82e4330 method=sun.security.util.math.intpoly.IntegerPolynomial.multByInt([JJ)V @ 26 c2
Event: 4.226 Thread 0x0000028dfc3aa6c0 DEOPT PACKING pc=0x0000028de82e4330 sp=0x000000b3b7cfe0e0
Event: 4.226 Thread 0x0000028dfc3aa6c0 DEOPT UNPACKING pc=0x0000028de7d44422 sp=0x000000b3b7cfe0b0 mode 2

Classes loaded (20 events):
Event: 4.409 Loading class sun/security/ssl/Finished$T12VerifyDataGenerator
Event: 4.409 Loading class sun/security/ssl/Finished$T12VerifyDataGenerator done
Event: 4.409 Loading class sun/security/ssl/Finished$T13VerifyDataGenerator
Event: 4.409 Loading class sun/security/ssl/Finished$T13VerifyDataGenerator done
Event: 4.409 Loading class sun/security/ssl/Finished$1
Event: 4.410 Loading class sun/security/ssl/Finished$1 done
Event: 4.410 Loading class sun/security/ssl/SSLBasicKeyDerivation
Event: 4.410 Loading class sun/security/ssl/SSLBasicKeyDerivation done
Event: 4.410 Loading class sun/security/ssl/SSLBasicKeyDerivation$SecretSizeSpec
Event: 4.411 Loading class sun/security/ssl/SSLBasicKeyDerivation$SecretSizeSpec done
Event: 4.422 Loading class jdk/internal/event/TLSHandshakeEvent
Event: 4.423 Loading class jdk/internal/event/TLSHandshakeEvent done
Event: 4.425 Loading class com/sun/crypto/provider/GaloisCounterMode$GCMEncrypt
Event: 4.427 Loading class com/sun/crypto/provider/GaloisCounterMode$GCMEncrypt done
Event: 4.427 Loading class com/sun/crypto/provider/GaloisCounterMode$EncryptOp
Event: 4.428 Loading class com/sun/crypto/provider/GaloisCounterMode$EncryptOp done
Event: 4.430 Loading class sun/security/ssl/CipherSuite$1
Event: 4.431 Loading class sun/security/ssl/CipherSuite$1 done
Event: 4.436 Loading class java/util/concurrent/CompletionException
Event: 4.436 Loading class java/util/concurrent/CompletionException done

Classes unloaded (0 events):
No events

Classes redefined (0 events):
No events

Internal exceptions (20 events):
Event: 1.672 Thread 0x0000028ddd6598f0 Exception <a 'sun/nio/fs/WindowsException'{0x000000071299d5f8}> (0x000000071299d5f8) 
thrown [s\src\hotspot\share\prims\jni.cpp, line 537]
Event: 2.100 Thread 0x0000028ddd6598f0 Exception <a 'java/lang/NoSuchMethodError'{0x00000007126bb718}: 'java.lang.Object java.lang.invoke.DirectMethodHandle$Holder.invokeStaticInit(java.lang.Object, java.lang.Object, int, int, int, int)'> (0x00000007126bb718) 
thrown [s\src\hotspot\share\interpreter\linkResolver.cpp, line 784]
Event: 2.198 Thread 0x0000028ddd6598f0 Exception <a 'java/lang/NoSuchMethodError'{0x0000000712765908}: 'java.lang.Object java.lang.invoke.DirectMethodHandle$Holder.invokeStaticInit(java.lang.Object, java.lang.Object, int)'> (0x0000000712765908) 
thrown [s\src\hotspot\share\interpreter\linkResolver.cpp, line 784]
Event: 2.202 Thread 0x0000028ddd6598f0 Exception <a 'java/lang/NoSuchMethodError'{0x000000071276b810}: 'java.lang.Object java.lang.invoke.DirectMethodHandle$Holder.newInvokeSpecial(java.lang.Object, java.lang.Object, int)'> (0x000000071276b810) 
thrown [s\src\hotspot\share\interpreter\linkResolver.cpp, line 784]
Event: 2.231 Thread 0x0000028ddd6598f0 Exception <a 'java/lang/NoSuchMethodError'{0x0000000712780928}: 'int java.lang.invoke.DirectMethodHandle$Holder.invokeSpecialIFC(java.lang.Object, java.lang.Object, java.lang.Object)'> (0x0000000712780928) 
thrown [s\src\hotspot\share\interpreter\linkResolver.cpp, line 784]
Event: 2.333 Thread 0x0000028ddd6598f0 Exception <a 'java/lang/NoSuchMethodError'{0x00000007127b8098}: 'java.lang.Object java.lang.invoke.Invokers$Holder.invoke_MT(java.lang.Object, java.lang.Object, java.lang.Object, java.lang.Object, java.lang.Object, java.lang.Object, java.lang.Object, java.lang.Object, java.lang.Object, java.lang.Object)'> (0x00000007127b8098) 
thrown [s\src\hotspot\share\interpreter\linkResolver.cpp, line 784]
Event: 2.409 Thread 0x0000028ddd6598f0 Exception <a 'java/lang/NoSuchMethodError'{0x00000007127f8c80}: 'int java.lang.invoke.DirectMethodHandle$Holder.invokeSpecial(java.lang.Object, java.lang.Object, java.lang.Object, java.lang.Object)'> (0x00000007127f8c80) 
thrown [s\src\hotspot\share\interpreter\linkResolver.cpp, line 784]
Event: 2.426 Thread 0x0000028ddd6598f0 Exception <a 'java/lang/NoSuchMethodError'{0x0000000712411548}: 'java.lang.Object java.lang.invoke.DelegatingMethodHandle$Holder.delegate(java.lang.Object, int, java.lang.Object, java.lang.Object)'> (0x0000000712411548) 
thrown [s\src\hotspot\share\interpreter\linkResolver.cpp, line 784]
Event: 2.437 Thread 0x0000028ddd6598f0 Exception <a 'java/lang/NoSuchMethodError'{0x0000000712420cc0}: 'int java.lang.invoke.Invokers$Holder.linkToTargetMethod(java.lang.Object, java.lang.Object, java.lang.Object)'> (0x0000000712420cc0) 
thrown [s\src\hotspot\share\interpreter\linkResolver.cpp, line 784]
Event: 2.459 Thread 0x0000028ddd6598f0 Exception <a 'java/lang/NoSuchMethodError'{0x000000071244fa60}: 'long java.lang.invoke.DirectMethodHandle$Holder.invokeSpecial(java.lang.Object, java.lang.Object)'> (0x000000071244fa60) 
thrown [s\src\hotspot\share\interpreter\linkResolver.cpp, line 784]
Event: 2.464 Thread 0x0000028ddd6598f0 Exception <a 'java/lang/NoSuchMethodError'{0x0000000712456770}: 'java.lang.Object java.lang.invoke.Invokers$Holder.invokeExact_MT(java.lang.Object, java.lang.Object, java.lang.Object, java.lang.Object, java.lang.Object, java.lang.Object)'> (0x0000000712456770) 
thrown [s\src\hotspot\share\interpreter\linkResolver.cpp, line 784]
Event: 2.930 Thread 0x0000028ddd6598f0 Exception <a 'java/lang/NoSuchMethodError'{0x0000000712236ea0}: 'java.lang.Object java.lang.invoke.DirectMethodHandle$Holder.newInvokeSpecial(java.lang.Object, java.lang.Object, java.lang.Object, java.lang.Object, java.lang.Object)'> (0x0000000712236ea0) 
thrown [s\src\hotspot\share\interpreter\linkResolver.cpp, line 784]
Event: 3.143 Thread 0x0000028ddd6598f0 Exception <a 'java/lang/NoSuchMethodError'{0x0000000712008638}: 'java.lang.Object java.lang.invoke.DirectMethodHandle$Holder.invokeSpecial(java.lang.Object, java.lang.Object, java.lang.Object, java.lang.Object, int)'> (0x0000000712008638) 
thrown [s\src\hotspot\share\interpreter\linkResolver.cpp, line 784]
Event: 3.144 Thread 0x0000028ddd6598f0 Exception <a 'java/lang/NoSuchMethodError'{0x000000071200bfa0}: 'java.lang.Object java.lang.invoke.Invokers$Holder.linkToTargetMethod(java.lang.Object, java.lang.Object, int, java.lang.Object)'> (0x000000071200bfa0) 
thrown [s\src\hotspot\share\interpreter\linkResolver.cpp, line 784]
Event: 3.196 Thread 0x0000028ddd6598f0 Exception <a 'java/lang/NoSuchMethodError'{0x00000007120371c8}: 'void java.lang.invoke.DirectMethodHandle$Holder.invokeSpecial(java.lang.Object, java.lang.Object, java.lang.Object)'> (0x00000007120371c8) 
thrown [s\src\hotspot\share\interpreter\linkResolver.cpp, line 784]
Event: 3.291 Thread 0x0000028dfc089f80 Exception <a 'java/lang/NoSuchMethodError'{0x000000071228ebd8}: 'void java.lang.invoke.DirectMethodHandle$Holder.invokeStatic(java.lang.Object, java.lang.Object, int)'> (0x000000071228ebd8) 
thrown [s\src\hotspot\share\interpreter\linkResolver.cpp, line 784]
Event: 3.304 Thread 0x0000028ddd6598f0 Exception <a 'java/lang/NoSuchMethodError'{0x00000007120bc9d0}: 'void java.lang.invoke.DirectMethodHandle$Holder.invokeSpecial(java.lang.Object, java.lang.Object, java.lang.Object, java.lang.Object, java.lang.Object)'> (0x00000007120bc9d0) 
thrown [s\src\hotspot\share\interpreter\linkResolver.cpp, line 784]
Event: 3.341 Thread 0x0000028dfc3aa6c0 Exception <a 'java/lang/NoSuchMethodError'{0x0000000712100fa8}: 'void java.lang.invoke.DirectMethodHandle$Holder.invokeInterface(java.lang.Object, java.lang.Object, java.lang.Object)'> (0x0000000712100fa8) 
thrown [s\src\hotspot\share\interpreter\linkResolver.cpp, line 784]
Event: 4.189 Thread 0x0000028dfc3aa6c0 Exception <a 'java/lang/NoSuchMethodError'{0x0000000711f1c510}: 'void java.lang.invoke.DirectMethodHandle$Holder.invokeInterface(java.lang.Object, java.lang.Object)'> (0x0000000711f1c510) 
thrown [s\src\hotspot\share\interpreter\linkResolver.cpp, line 784]
Event: 4.433 Thread 0x0000028dfc3aa6c0 Exception <a 'java/lang/NoSuchMethodError'{0x0000000711f90990}: 'void java.lang.invoke.DirectMethodHandle$Holder.invokeStatic(java.lang.Object, java.lang.Object, java.lang.Object, java.lang.Object)'> (0x0000000711f90990) 
thrown [s\src\hotspot\share\interpreter\linkResolver.cpp, line 784]

ZGC Phase Switch (0 events):
No events

VM Operations (14 events):
Event: 0.832 Executing non-safepoint VM operation: HandshakeAllThreads (Deoptimize)
Event: 0.832 Executing non-safepoint VM operation: HandshakeAllThreads (Deoptimize) done
Event: 0.930 Executing non-safepoint VM operation: HandshakeAllThreads (Deoptimize)
Event: 0.930 Executing non-safepoint VM operation: HandshakeAllThreads (Deoptimize) done
Event: 1.937 Executing safepoint VM operation: Cleanup
Event: 1.938 Executing safepoint VM operation: Cleanup done
Event: 2.035 Executing non-safepoint VM operation: HandshakeAllThreads (Deoptimize)
Event: 2.035 Executing non-safepoint VM operation: HandshakeAllThreads (Deoptimize) done
Event: 3.035 Executing safepoint VM operation: Cleanup
Event: 3.035 Executing safepoint VM operation: Cleanup done
Event: 3.309 Executing non-safepoint VM operation: HandshakeAllThreads (Deoptimize)
Event: 3.310 Executing non-safepoint VM operation: HandshakeAllThreads (Deoptimize) done
Event: 4.313 Executing safepoint VM operation: Cleanup
Event: 4.314 Executing safepoint VM operation: Cleanup done

Memory protections (0 events):
No events

Nmethod flushes (0 events):
No events

Events (20 events):
Event: 0.452 Thread 0x0000028ddd6598f0 Thread added: 0x0000028df76588b0
Event: 0.453 Thread 0x0000028ddd6598f0 Thread added: 0x0000028df76a8a90
Event: 0.453 Thread 0x0000028ddd6598f0 Thread added: 0x0000028df76a94f0
Event: 0.453 Thread 0x0000028ddd6598f0 Thread added: 0x0000028df76a9f50
Event: 0.453 Thread 0x0000028ddd6598f0 Thread added: 0x0000028df76abcf0
Event: 0.454 Thread 0x0000028ddd6598f0 Thread added: 0x0000028df76aedf0
Event: 0.652 Thread 0x0000028ddd6598f0 Thread added: 0x0000028df78459e0
Event: 0.742 Loaded shared library A:\Android Studio\jbr\bin\net.dll
Event: 0.759 Loaded shared library A:\Android Studio\jbr\bin\nio.dll
Event: 0.801 Loaded shared library A:\Android Studio\jbr\bin\zip.dll
Event: 1.300 Loaded shared library A:\Android Studio\jbr\bin\jimage.dll
Event: 2.875 Loaded shared library A:\Android Studio\jbr\bin\extnet.dll
Event: 2.906 Thread 0x0000028ddd6598f0 Thread added: 0x0000028dfc089f80
Event: 3.332 Thread 0x0000028dfc089f80 Thread added: 0x0000028dfc3aa6c0
Event: 3.407 Thread 0x0000028dfc089f80 Thread added: 0x0000028dfc3a24d0
Event: 3.686 Thread 0x0000028df76aedf0 Thread added: 0x0000028dfc422c80
Event: 3.695 Thread 0x0000028df76abcf0 Thread added: 0x0000028dfc478950
Event: 4.182 Thread 0x0000028dfc478950 Thread exited: 0x0000028dfc478950
Event: 4.187 Thread 0x0000028dfc422c80 Thread exited: 0x0000028dfc422c80
Event: 4.413 Thread 0x0000028df76aedf0 Thread added: 0x0000028dfc422c80


Dynamic libraries:
0x00007ff7aa8c0000 - 0x00007ff7aa8ca000 	A:\Android Studio\jbr\bin\java.exe
0x00007ffcc5d20000 - 0x00007ffcc5f87000 	C:\WINDOWS\SYSTEM32\ntdll.dll
0x00007ffcc4d00000 - 0x00007ffcc4dc9000 	C:\WINDOWS\System32\KERNEL32.DLL
0x00007ffcc3270000 - 0x00007ffcc365f000 	C:\WINDOWS\System32\KERNELBASE.dll
0x00007ffcc2e70000 - 0x00007ffcc2fbb000 	C:\WINDOWS\System32\ucrtbase.dll
0x00007ffcb7910000 - 0x00007ffcb792b000 	A:\Android Studio\jbr\bin\VCRUNTIME140.dll
0x00007ffc91d80000 - 0x00007ffc91d98000 	A:\Android Studio\jbr\bin\jli.dll
0x00007ffcc4f80000 - 0x00007ffcc5145000 	C:\WINDOWS\System32\USER32.dll
0x00007ffcc3920000 - 0x00007ffcc3947000 	C:\WINDOWS\System32\win32u.dll
0x00007ffcc4a60000 - 0x00007ffcc4a8b000 	C:\WINDOWS\System32\GDI32.dll
0x00007ffca7e00000 - 0x00007ffca8093000 	C:\WINDOWS\WinSxS\amd64_microsoft.windows.common-controls_6595b64144ccf1df_6.0.26100.7309_none_3e05feeae336a044\COMCTL32.dll
0x00007ffcc4dd0000 - 0x00007ffcc4e79000 	C:\WINDOWS\System32\msvcrt.dll
0x00007ffcc3670000 - 0x00007ffcc379c000 	C:\WINDOWS\System32\gdi32full.dll
0x00007ffcc3130000 - 0x00007ffcc31d3000 	C:\WINDOWS\System32\msvcp_win.dll
0x00007ffcc5530000 - 0x00007ffcc5561000 	C:\WINDOWS\System32\IMM32.DLL
0x00007ffcb8ed0000 - 0x00007ffcb8edc000 	A:\Android Studio\jbr\bin\vcruntime140_1.dll
0x00007ffc67c50000 - 0x00007ffc67cdd000 	A:\Android Studio\jbr\bin\msvcp140.dll
0x00007ffbea140000 - 0x00007ffbeadd6000 	A:\Android Studio\jbr\bin\server\jvm.dll
0x00007ffcc5150000 - 0x00007ffcc5204000 	C:\WINDOWS\System32\ADVAPI32.dll
0x00007ffcc44b0000 - 0x00007ffcc4556000 	C:\WINDOWS\System32\sechost.dll
0x00007ffcc4a90000 - 0x00007ffcc4ba8000 	C:\WINDOWS\System32\RPCRT4.dll
0x00007ffcc4920000 - 0x00007ffcc4994000 	C:\WINDOWS\System32\WS2_32.dll
0x00007ffcc2cd0000 - 0x00007ffcc2d2e000 	C:\WINDOWS\SYSTEM32\POWRPROF.dll
0x00007ffcae590000 - 0x00007ffcae5c5000 	C:\WINDOWS\SYSTEM32\WINMM.dll
0x00007ffcbbcc0000 - 0x00007ffcbbccb000 	C:\WINDOWS\SYSTEM32\VERSION.dll
0x00007ffcc2cb0000 - 0x00007ffcc2cc4000 	C:\WINDOWS\SYSTEM32\UMPDC.dll
0x00007ffcc1c20000 - 0x00007ffcc1c3b000 	C:\WINDOWS\SYSTEM32\kernel.appcore.dll
0x00007ffcacfa0000 - 0x00007ffcacfaa000 	A:\Android Studio\jbr\bin\jimage.dll
0x00007ffcbdc50000 - 0x00007ffcbde92000 	C:\WINDOWS\SYSTEM32\DBGHELP.DLL
0x00007ffcc4120000 - 0x00007ffcc44a6000 	C:\WINDOWS\System32\combase.dll
0x00007ffcc4bb0000 - 0x00007ffcc4c86000 	C:\WINDOWS\System32\OLEAUT32.dll
0x00007ffcacfb0000 - 0x00007ffcacfec000 	C:\WINDOWS\SYSTEM32\dbgcore.DLL
0x00007ffcc3a10000 - 0x00007ffcc3ab5000 	C:\WINDOWS\System32\bcryptPrimitives.dll
0x00007ffcacf80000 - 0x00007ffcacfa0000 	A:\Android Studio\jbr\bin\java.dll
0x00007ffcacf60000 - 0x00007ffcacf78000 	A:\Android Studio\jbr\bin\zip.dll
0x00007ffcc5570000 - 0x00007ffcc5cc3000 	C:\WINDOWS\System32\SHELL32.dll
0x00007ffcc2fc0000 - 0x00007ffcc312a000 	C:\WINDOWS\System32\wintypes.dll
0x00007ffcc0ab0000 - 0x00007ffcc130e000 	C:\WINDOWS\SYSTEM32\windows.storage.dll
0x00007ffcc3ff0000 - 0x00007ffcc40e5000 	C:\WINDOWS\System32\SHCORE.dll
0x00007ffcc4c90000 - 0x00007ffcc4cf6000 	C:\WINDOWS\System32\shlwapi.dll
0x00007ffcc2d90000 - 0x00007ffcc2db9000 	C:\WINDOWS\SYSTEM32\profapi.dll
0x00007ffcacf50000 - 0x00007ffcacf60000 	A:\Android Studio\jbr\bin\net.dll
0x00007ffcba6e0000 - 0x00007ffcba808000 	C:\WINDOWS\SYSTEM32\WINHTTP.dll
0x00007ffcc2190000 - 0x00007ffcc21fb000 	C:\WINDOWS\system32\mswsock.dll
0x00007ffca37a0000 - 0x00007ffca37b6000 	A:\Android Studio\jbr\bin\nio.dll
0x00007ffcc2460000 - 0x00007ffcc247b000 	C:\WINDOWS\SYSTEM32\CRYPTSP.dll
0x00007ffcc1b80000 - 0x00007ffcc1bba000 	C:\WINDOWS\system32\rsaenh.dll
0x00007ffcc2240000 - 0x00007ffcc226b000 	C:\WINDOWS\SYSTEM32\USERENV.dll
0x00007ffcc2d60000 - 0x00007ffcc2d8a000 	C:\WINDOWS\SYSTEM32\bcrypt.dll
0x00007ffcc2450000 - 0x00007ffcc245c000 	C:\WINDOWS\SYSTEM32\CRYPTBASE.dll
0x00007ffcc1630000 - 0x00007ffcc1664000 	C:\WINDOWS\SYSTEM32\IPHLPAPI.DLL
0x00007ffcc4f10000 - 0x00007ffcc4f1a000 	C:\WINDOWS\System32\NSI.dll
0x00007ffcb99f0000 - 0x00007ffcb99f8000 	C:\WINDOWS\system32\wshunix.dll
0x00007ffcab4d0000 - 0x00007ffcab4d9000 	A:\Android Studio\jbr\bin\extnet.dll

JVMTI agents: none

dbghelp: loaded successfully - version: 4.0.5 - missing functions: none
symbol engine: initialized successfully - sym options: 0x614 - pdb path: .;A:\Android Studio\jbr\bin;C:\WINDOWS\SYSTEM32;C:\WINDOWS\WinSxS\amd64_microsoft.windows.common-controls_6595b64144ccf1df_6.0.26100.7309_none_3e05feeae336a044;A:\Android Studio\jbr\bin\server

VM Arguments:
java_command: git4idea.http.GitAskPassApp Username for 'https://github.com': 
java_class_path (initial): A:/Android Studio/plugins/vcs-git/lib/git4idea-rt.jar;A:/Android Studio/lib/externalProcess-rt.jar
Launcher Type: SUN_STANDARD

[Global flags]
     intx CICompilerCount                          = 4                                         {product} {ergonomic}
     uint ConcGCThreads                            = 2                                         {product} {ergonomic}
     uint G1ConcRefinementThreads                  = 8                                         {product} {ergonomic}
   size_t G1HeapRegionSize                         = 2097152                                   {product} {ergonomic}
    uintx GCDrainStackTargetSize                   = 64                                        {product} {ergonomic}
   size_t InitialHeapSize                          = 266338304                                 {product} {ergonomic}
   size_t MarkStackSize                            = 4194304                                   {product} {ergonomic}
   size_t MaxHeapSize                              = 4246732800                                {product} {ergonomic}
   size_t MaxNewSize                               = 2548039680                                {product} {ergonomic}
   size_t MinHeapDeltaBytes                        = 2097152                                   {product} {ergonomic}
   size_t MinHeapSize                              = 8388608                                   {product} {ergonomic}
    uintx NonNMethodCodeHeapSize                   = 5839372                                {pd product} {ergonomic}
    uintx NonProfiledCodeHeapSize                  = 122909434                              {pd product} {ergonomic}
    uintx ProfiledCodeHeapSize                     = 122909434                              {pd product} {ergonomic}
    uintx ReservedCodeCacheSize                    = 251658240                              {pd product} {ergonomic}
     bool SegmentedCodeCache                       = true                                      {product} {ergonomic}
   size_t SoftMaxHeapSize                          = 4246732800                             {manageable} {ergonomic}
     bool UseCompressedOops                        = true                           {product lp64_product} {ergonomic}
     bool UseG1GC                                  = true                                      {product} {ergonomic}
     bool UseLargePagesIndividualAllocation        = false                                  {pd product} {ergonomic}

Logging:
Log output configuration:
 #0: stdout all=warning uptime,level,tags foldmultilines=false
 #1: stderr all=off uptime,level,tags foldmultilines=false

Release file:
JAVA_VERSION="21.0.10" 
MODULES="java.base java.compiler java.datatransfer java.xml java.prefs java.desktop java.instrument java.logging java.management java.security.sasl java.naming java.rmi java.management.rmi java.net.http java.scripting java.security.jgss java.transaction.xa java.sql java.sql.rowset java.xml.crypto java.se java.smartcardio jdk.accessibility jdk.internal.jvmstat jdk.attach jdk.charsets jdk.internal.opt jdk.zipfs jdk.compiler jdk.crypto.ec jdk.crypto.cryptoki jdk.dynalink jdk.hotspot.agent jdk.httpserver jdk.internal.ed jdk.internal.le jdk.internal.vm.ci jdk.jartool jdk.javadoc jdk.jcmd jdk.jdeps jdk.jdwp.agent jdk.jdi jdk.jfr jdk.jlink jdk.jsobject jdk.localedata jdk.management jdk.management.agent jdk.management.jfr jdk.naming.dns jdk.naming.rmi jdk.net jdk.sctp jdk.security.auth jdk.security.jgss jdk.unsupported jdk.unsupported.desktop jdk.xml.dom" 
IMPLEMENTOR="JetBrains s.r.o." 
JAVA_RUNTIME_VERSION="21.0.10+-14961533-b1163.108" 
LIBC="default" 
OS_ARCH="x86_64" 
OS_NAME="Windows" 
SOURCE=".:git:1351622c2ff2" 

Environment Variables:
PATH=C:/Program Files/Git/mingw64/libexec/git-core;C:/Program Files/Git/mingw64/libexec/git-core;C:\Program Files\Git\mingw64\bin;C:\Program Files\Git\usr\bin;C:\Users\ahadi\bin;C:\app\ahadi\product\21c\dbhomeXE\bin;C:\Program Files\ImageMagick-7.1.2-Q16-HDRI;C:\Program Files\Common Files\Oracle\Java\javapath;C:\Windows\system32;C:\Windows;C:\Windows\System32\Wbem;C:\Windows\System32\WindowsPowerShell\v1.0\;C:\Windows\System32\OpenSSH\;c:\Users\ahadi\AppData\Local\Programs\cursor\resources\app\bin;C:\Program Files\nodejs\;C:\Program Files (x86)\Windows Kits\8.1\Windows Performance Toolkit\;C:\WINDOWS\system32;C:\WINDOWS;C:\WINDOWS\System32\Wbem;C:\WINDOWS\System32\WindowsPowerShell\v1.0\;C:\WINDOWS\System32\OpenSSH\;C:\Program Files\Git\cmd;C:\ProgramData\ComposerSetup\bin;C:\Users\ahadi\AppData\Local\Programs\Python\Launcher\;C:\Users\ahadi\AppData\Local\Microsoft\WindowsApps;C:\Users\ahadi\AppData\Roaming\npm;A:\Downloads\Microsoft VS Code\bin;C:\php-8.5.3-Win32-vs17-x64;C:\Users\ahadi\AppData\Roaming\Composer\vendor\bin;C:\Users\ahadi\.local\bin
USERNAME=ahadi
DISPLAY=:0.0
LC_ALL=en_US.UTF-8
TERM=xterm-256color
TMPDIR=C:\Users\ahadi\AppData\Local\Temp
OS=Windows_NT
PROCESSOR_IDENTIFIER=Intel64 Family 6 Model 142 Stepping 12, GenuineIntel
TMP=C:\Users\ahadi\AppData\Local\Temp
TEMP=C:\Users\ahadi\AppData\Local\Temp




Periodic native trim disabled

JNI global refs:
JNI global refs: 20, weak refs: 0

JNI global refs memory usage: 835, weak refs: 833

Process memory usage:
Resident Set Size: 89844K (0% of 16587612K total physical memory with 3271232K free physical memory)

OOME stack traces (most recent first):
Classloader memory used:
